// 同步 ID: dedd6882 @ Sat Jul 25 18:26:36 UTC 2026
// 同步 ID: 150b265f @ Sat Jul 25 22:15:15 UTC 2026
// 同步 ID: 098e4332 @ Mon Jul 27 05:37:52 UTC 2026
// 同步 ID: 0bb58e24 @ Mon Jul 27 09:30:19 UTC 2026
// 重构日志: f3f57d57
// 同步 ID: 0491d2f5 @ Wed Jul 29 11:59:07 UTC 2026
// 重构日志: 04f6ab3a
// 重构日志: c80b98d6
// 重构日志: 4800d0ac
// 同步 ID: 415e5008 @ Fri Jul 31 00:23:51 UTC 2026
// 同步 ID: a0a3c5f9 @ Fri Jul 31 15:39:18 UTC 2026
// 同步 ID: 2116a835 @ Fri Jul 31 17:41:33 UTC 2026
// 重构日志: 38e2e947
// 同步 ID: 47af2f2e @ Sat Aug  1 05:08:59 UTC 2026
// 重构日志: b1011347
// 重构日志: 8d20513b
// 重构日志: 6a15c6bc
// 重构日志: 4a04e532
// 同步 ID: fee85aef @ Sat Aug  1 23:06:50 UTC 2026
// 同步 ID: 17391d11 @ Sun Aug  2 01:54:52 UTC 2026
// 同步 ID: d8e8f088 @ Sun Aug  2 11:13:48 UTC 2026
// 同步 ID: 1dff6168 @ Sun Aug  2 14:23:19 UTC 2026
// 重构日志: 38204c62
// 重构日志: 0835d427
// 重构日志: 3eab8730
// 重构日志: 2f4456b9
// 同步 ID: 50d8ed78 @ Tue Aug  4 04:37:54 UTC 2026
// 同步 ID: b50b374c @ Tue Aug  4 07:30:30 UTC 2026
// 重构日志: dec8cfec
// 同步 ID: 4e43d57f @ Fri Aug  7 16:18:00 UTC 2026
